---
source: tests/pattern_snapshots.rs
expression: compressed
---
pytest: 19 passed, 1 failed
  FAIL: test_api.py::test_delete
  > def test_delete():
>       assert response.status_code == 204
E       AssertionError: assert 403 == 204
  > ========================= 19 passed, 1 failed in 2.34s =========================
