---
source: tests/pattern_snapshots.rs
expression: compressed
---
+-------------------+
| Tables_in_mydb    |
+-------------------+
| users             |
| posts             |
| comments          |
| categories        |
| tags              |
| post_tags         |
| sessions          |
| migrations        |
| audit_logs        |
| permissions       |
| roles             |
| role_permissions  |
| user_roles        |
| api_tokens        |
| rate_limits       |
+-------------------+
15 rows in set (0.00 sec)
