---
source: tests/pattern_snapshots.rs
expression: compressed
---
● nginx.service - A high performance web server and a reverse proxy server
Loaded: loaded (/lib/systemd/system/nginx.service; enabled; vendor preset: enabled)
Active: active (running) since Mon 2024-01-15 10:23:45 UTC; 3 days ago
Main PID: 1236 (nginx)
Tasks: 5 (limit: 4915)
Memory: 12.3M
CPU: 1.234s
