---
source: tests/pattern_snapshots.rs
expression: compressed
---
src/auth.py:3:1: F401 [*] `os` imported but unused
src/auth.py:15:5: E712 Comparison to `True` should be `if cond:` or `if cond is True:`
src/auth.py:22:1: F841 Local variable `result` is assigned to but never used
src/db.py:8:1: E501 Line too long (120 > 88)
src/db.py:22:5: W291 Trailing whitespace
src/db.py:35:1: E302 Expected 2 blank lines after class or function definition, found 1
src/api.py:1:1: I001 [*] Import block is un-sorted or un-formatted
src/api.py:15:5: B006 Do not use mutable data structures for argument defaults
src/api.py:28:1: E303 Too many blank lines (3)
src/utils.py:10:5: B006 Do not use mutable data structures for argument defaults
src/utils.py:18:9: SIM108 [*] Use ternary operator
src/config.py:5:1: F811 Redefinition of unused `load` from line 3
Found 12 errors.
[*] 3 fixable with the `--fix` option.
